Copyright 1986-2019 Xilinx, Inc. All Rights Reserved.
-----------------------------------------------------------------------------------------
| Tool Version      : Vivado v.2019.1 (lin64) Build 2552052 Fri May 24 14:47:09 MDT 2019
| Date              : Sun Feb  7 22:24:22 2021
| Host              : jarvis running 64-bit Ubuntu 18.04.3 LTS
| Command           : report_clock_utilization -file top_clock_utilization_routed.rpt
| Design            : top
| Device            : xcku115-flvf1924
| Speed File        : -2  PRODUCTION 1.26 12-04-2018
| Temperature Grade : E
| Design State      : Routed
-----------------------------------------------------------------------------------------

Clock Utilization Report

Table of Contents
-----------------
1. Clock Primitive Utilization
2. Global Clock Resources
3. Global Clock Source Details
4. Clock Regions : Clock Primitives
5. Clock Regions : Load Primitives
6. Clock Regions : Global Clock Summary
7. Clock Regions : Routing Resource Utilization
8. Device Cell Placement Summary for Global Clock g0
9. Device Cell Placement Summary for Global Clock g1
10. Device Cell Placement Summary for Global Clock g2
11. Device Cell Placement Summary for Global Clock g3
12. Device Cell Placement Summary for Global Clock g4
13. Device Cell Placement Summary for Global Clock g5
14. Clock Region Cell Placement per Global Clock: Region X4Y1
15. Clock Region Cell Placement per Global Clock: Region X5Y1
16. Clock Region Cell Placement per Global Clock: Region X4Y2
17. Clock Region Cell Placement per Global Clock: Region X5Y2
18. Clock Region Cell Placement per Global Clock: Region X4Y3
19. Clock Region Cell Placement per Global Clock: Region X4Y4
20. Clock Region Cell Placement per Global Clock: Region X5Y4
21. Clock Region Cell Placement per Global Clock: Region X4Y5
22. Clock Region Cell Placement per Global Clock: Region X5Y5

1. Clock Primitive Utilization
------------------------------

+------------+------+-----------+-----+--------------+--------+
| Type       | Used | Available | LOC | Clock Region | Pblock |
+------------+------+-----------+-----+--------------+--------+
| BUFGCE     |    3 |       576 |   0 |            0 |      0 |
| BUFGCE_DIV |    0 |        96 |   0 |            0 |      0 |
| BUFGCTRL   |    0 |       192 |   0 |            0 |      0 |
| BUFG_GT    |    3 |       384 |   0 |            0 |      0 |
| MMCM       |    1 |        24 |   0 |            0 |      0 |
| PLL        |    0 |        48 |   0 |            0 |      0 |
+------------+------+-----------+-----+--------------+--------+


2. Global Clock Resources
-------------------------

+-----------+-----------+-----------------+------------+----------------+--------------+------+-------------------+-------------------+-------------+-----------------+--------------+--------------------------------------------------------------------+-------------------------------------------------------------------------------+-------------------------------------------------------------------------+
| Global Id | Source Id | Driver Type/Pin | Constraint | Site           | Clock Region | Root | Clock Delay Group | Load Clock Region | Clock Loads | Non-Clock Loads | Clock Period | Clock                                                              | Driver Pin                                                                    | Net                                                                     |
+-----------+-----------+-----------------+------------+----------------+--------------+------+-------------------+-------------------+-------------+-----------------+--------------+--------------------------------------------------------------------+-------------------------------------------------------------------------------+-------------------------------------------------------------------------+
| g0        | src0      | BUFGCE/O        | None       | BUFGCE_X2Y146  | X4Y6         | X4Y3 |                   |                 6 |        6692 |               0 |       10.000 | sys_clk0_dcm                                                       | snap2_v2_infrastructure_inst/bufg_sysclk[6]/O                                 | snap2_v2_infrastructure_inst/sys_clk0                                   |
| g1        | src1      | BUFG_GT/O       | None       | BUFG_GT_X1Y121 | X5Y5         | X4Y3 |                   |                 6 |        1449 |               0 |        8.000 | gbe_userclk2_out                                                   | gpio_pins3_one_gbe_pcs_pma/U0/core_clocking_i/usrclk2_bufg_inst/O             | gpio_pins3_one_gbe_pcs_pma/U0/core_clocking_i/userclk2                  |
| g2        | src1      | BUFG_GT/O       | None       | BUFG_GT_X1Y120 | X5Y5         | X5Y5 |                   |                 1 |          30 |               0 |       16.000 | userclk_out                                                        | gpio_pins3_one_gbe_pcs_pma/U0/core_clocking_i/usrclk_bufg_inst/O              | gpio_pins3_one_gbe_pcs_pma/U0/core_clocking_i/userclk                   |
| g3        | src2      | BUFGCE/O        | None       | BUFGCE_X2Y80   | X4Y3         | X4Y3 |                   |                 4 |         232 |               0 |       33.333 | cont_microblaze_inst/mdm_1/U0/Use_E2.BSCAN_I/Use_E2.BSCANE2_I/DRCK | cont_microblaze_inst/mdm_1/U0/No_Dbg_Reg_Access.BUFG_DRCK/Using_FPGA.Native/O | cont_microblaze_inst/mdm_1/U0/No_Dbg_Reg_Access.BUFG_DRCK/Ext_JTAG_DRCK |
| g4        | src0      | BUFGCE/O        | None       | BUFGCE_X2Y164  | X4Y6         | X5Y5 |                   |                 1 |         193 |               0 |        5.000 | clk_200_dcm                                                        | snap2_v2_infrastructure_inst/bufg_sysclk[3]/O                                 | snap2_v2_infrastructure_inst/clk_200                                    |
| g5        | src1      | BUFG_GT/O       | None       | BUFG_GT_X1Y134 | X5Y5         | X5Y5 |                   |                 1 |         178 |               0 |       16.000 | rxoutclk_out[0]                                                    | gpio_pins3_one_gbe_pcs_pma/U0/core_clocking_i/rxrecclk_bufg_inst/O            | gpio_pins3_one_gbe_pcs_pma/U0/core_clocking_i/rxuserclk2                |
+-----------+-----------+-----------------+------------+----------------+--------------+------+-------------------+-------------------+-------------+-----------------+--------------+--------------------------------------------------------------------+-------------------------------------------------------------------------------+-------------------------------------------------------------------------+
* Clock Loads column represents the clock pin loads (pin count)
** Non-Clock Loads column represents the non-clock pin loads (pin count)


3. Global Clock Source Details
------------------------------

+-----------+-----------+------------------------+---------------------+---------------------+--------------+-------------+-----------------+---------------------+--------------------------------------------------------------------+---------------------------------------------------------------------------------------------------------------------------------------------------------------------------------------------------------------------------------------------------------------------------------------------------------------------------------------------------------------------------------------------------+--------------------------------------------------------------------------------------------------------------------------------------------------------------------------------------------------------------------------------------------------------------------------------------------------------------------------------------+
| Source Id | Global Id | Driver Type/Pin        | Constraint          | Site                | Clock Region | Clock Loads | Non-Clock Loads | Source Clock Period | Source Clock                                                       | Driver Pin                                                                                                                                                                                                                                                                                                                                                                                        | Net                                                                                                                                                                                                                                                                                                                                  |
+-----------+-----------+------------------------+---------------------+---------------------+--------------+-------------+-----------------+---------------------+--------------------------------------------------------------------+---------------------------------------------------------------------------------------------------------------------------------------------------------------------------------------------------------------------------------------------------------------------------------------------------------------------------------------------------------------------------------------------------+--------------------------------------------------------------------------------------------------------------------------------------------------------------------------------------------------------------------------------------------------------------------------------------------------------------------------------------+
| src0      | g4        | MMCME3_ADV/CLKOUT3     | None                | MMCME3_ADV_X2Y6     | X4Y6         |           1 |               0 |               5.000 | clk_200_dcm                                                        | snap2_v2_infrastructure_inst/MMCM_BASE_inst/CLKOUT3                                                                                                                                                                                                                                                                                                                                               | snap2_v2_infrastructure_inst/clk_200_dcm                                                                                                                                                                                                                                                                                             |
| src0      | g0        | MMCME3_ADV/CLKOUT1     | None                | MMCME3_ADV_X2Y6     | X4Y6         |           1 |               0 |              10.000 | sys_clk0_dcm                                                       | snap2_v2_infrastructure_inst/MMCM_BASE_inst/CLKOUT1                                                                                                                                                                                                                                                                                                                                               | snap2_v2_infrastructure_inst/sys_clk0_dcm                                                                                                                                                                                                                                                                                            |
| src1      | g5        | GTHE3_CHANNEL/RXOUTCLK | GTHE3_CHANNEL_X1Y20 | GTHE3_CHANNEL_X1Y20 | X5Y5         |           2 |               0 |              16.000 | rxoutclk_out[0]                                                    | gpio_pins3_one_gbe_pcs_pma/U0/pcs_pma_block_i/transceiver_inst/gig_ethernet_pcs_pma_sgmii_autonegotiation_gt_i/inst/gen_gtwizard_gthe3_top.gig_ethernet_pcs_pma_sgmii_autonegotiation_gt_gtwizard_gthe3_inst/gen_gtwizard_gthe3.gen_channel_container[2].gen_enabled_channel.gthe3_channel_wrapper_inst/channel_inst/gthe3_channel_gen.gen_gthe3_channel_inst[0].GTHE3_CHANNEL_PRIM_INST/RXOUTCLK | gpio_pins3_one_gbe_pcs_pma/U0/pcs_pma_block_i/transceiver_inst/gig_ethernet_pcs_pma_sgmii_autonegotiation_gt_i/inst/gen_gtwizard_gthe3_top.gig_ethernet_pcs_pma_sgmii_autonegotiation_gt_gtwizard_gthe3_inst/gen_gtwizard_gthe3.gen_channel_container[2].gen_enabled_channel.gthe3_channel_wrapper_inst/channel_inst/rxoutclk_out[0] |
| src1      | g1, g2    | GTHE3_CHANNEL/TXOUTCLK | GTHE3_CHANNEL_X1Y20 | GTHE3_CHANNEL_X1Y20 | X5Y5         |           3 |               0 |               8.000 | txoutclk_out[0]                                                    | gpio_pins3_one_gbe_pcs_pma/U0/pcs_pma_block_i/transceiver_inst/gig_ethernet_pcs_pma_sgmii_autonegotiation_gt_i/inst/gen_gtwizard_gthe3_top.gig_ethernet_pcs_pma_sgmii_autonegotiation_gt_gtwizard_gthe3_inst/gen_gtwizard_gthe3.gen_channel_container[2].gen_enabled_channel.gthe3_channel_wrapper_inst/channel_inst/gthe3_channel_gen.gen_gthe3_channel_inst[0].GTHE3_CHANNEL_PRIM_INST/TXOUTCLK | gpio_pins3_one_gbe_pcs_pma/U0/pcs_pma_block_i/transceiver_inst/gig_ethernet_pcs_pma_sgmii_autonegotiation_gt_i/inst/gen_gtwizard_gthe3_top.gig_ethernet_pcs_pma_sgmii_autonegotiation_gt_gtwizard_gthe3_inst/gen_gtwizard_gthe3.gen_channel_container[2].gen_enabled_channel.gthe3_channel_wrapper_inst/channel_inst/txoutclk_out[0] |
| src2      | g3        | BSCANE2/DRCK           | None                | CONFIG_SITE_X0Y0    | X5Y1         |           1 |               0 |              33.333 | cont_microblaze_inst/mdm_1/U0/Use_E2.BSCAN_I/Use_E2.BSCANE2_I/DRCK | cont_microblaze_inst/mdm_1/U0/Use_E2.BSCAN_I/Use_E2.BSCANE2_I/DRCK                                                                                                                                                                                                                                                                                                                                | cont_microblaze_inst/mdm_1/U0/Use_E2.BSCAN_I/DRCK                                                                                                                                                                                                                                                                                    |
+-----------+-----------+------------------------+---------------------+---------------------+--------------+-------------+-----------------+---------------------+--------------------------------------------------------------------+---------------------------------------------------------------------------------------------------------------------------------------------------------------------------------------------------------------------------------------------------------------------------------------------------------------------------------------------------------------------------------------------------+--------------------------------------------------------------------------------------------------------------------------------------------------------------------------------------------------------------------------------------------------------------------------------------------------------------------------------------+
* Clock Loads column represents the clock pin loads (pin count)
** Non-Clock Loads column represents the non-clock pin loads (pin count)


4. Clock Regions : Clock Primitives
-----------------------------------

+-------------------+--------------+--------------+--------------+--------------+--------------+--------------+--------------+
|                   | Global Clock |    BUFGCE    |  BUFGCE_DIV  |   BUFGCTRL   |    BUFG_GT   |     MMCM     |      PLL     |
+-------------------+------+-------+------+-------+------+-------+------+-------+------+-------+------+-------+------+-------+
| Clock Region Name | Used | Avail | Used | Avail | Used | Avail | Used | Avail | Used | Avail | Used | Avail | Used | Avail |
+-------------------+------+-------+------+-------+------+-------+------+-------+------+-------+------+-------+------+-------+
| X0Y0              |    0 |    24 |    0 |    24 |    0 |     4 |    0 |     8 |    0 |     0 |    0 |     1 |    0 |     2 |
| X1Y0              |    0 |    24 |    0 |     0 |    0 |     0 |    0 |     0 |    0 |     0 |    0 |     0 |    0 |     0 |
| X2Y0              |    0 |    24 |    0 |    24 |    0 |     4 |    0 |     8 |    0 |     0 |    0 |     1 |    0 |     2 |
| X3Y0              |    0 |    24 |    0 |     0 |    0 |     0 |    0 |     0 |    0 |     0 |    0 |     0 |    0 |     0 |
| X4Y0              |    0 |    24 |    0 |    24 |    0 |     4 |    0 |     8 |    0 |     0 |    0 |     1 |    0 |     2 |
| X5Y0              |    0 |    24 |    0 |     0 |    0 |     0 |    0 |     0 |    0 |    24 |    0 |     0 |    0 |     0 |
| X0Y1              |    0 |    24 |    0 |    24 |    0 |     4 |    0 |     8 |    0 |     0 |    0 |     1 |    0 |     2 |
| X1Y1              |    0 |    24 |    0 |     0 |    0 |     0 |    0 |     0 |    0 |     0 |    0 |     0 |    0 |     0 |
| X2Y1              |    0 |    24 |    0 |    24 |    0 |     4 |    0 |     8 |    0 |     0 |    0 |     1 |    0 |     2 |
| X3Y1              |    0 |    24 |    0 |     0 |    0 |     0 |    0 |     0 |    0 |     0 |    0 |     0 |    0 |     0 |
| X4Y1              |    3 |    24 |    0 |    24 |    0 |     4 |    0 |     8 |    0 |     0 |    0 |     1 |    0 |     2 |
| X5Y1              |    3 |    24 |    0 |     0 |    0 |     0 |    0 |     0 |    0 |    24 |    0 |     0 |    0 |     0 |
| X0Y2              |    0 |    24 |    0 |     0 |    0 |     0 |    0 |     0 |    0 |    24 |    0 |     0 |    0 |     0 |
| X1Y2              |    0 |    24 |    0 |     0 |    0 |     0 |    0 |     0 |    0 |     0 |    0 |     0 |    0 |     0 |
| X2Y2              |    0 |    24 |    0 |    24 |    0 |     4 |    0 |     8 |    0 |     0 |    0 |     1 |    0 |     2 |
| X3Y2              |    0 |    24 |    0 |     0 |    0 |     0 |    0 |     0 |    0 |     0 |    0 |     0 |    0 |     0 |
| X4Y2              |    3 |    24 |    0 |    24 |    0 |     4 |    0 |     8 |    0 |     0 |    0 |     1 |    0 |     2 |
| X5Y2              |    3 |    24 |    0 |     0 |    0 |     0 |    0 |     0 |    0 |    24 |    0 |     0 |    0 |     0 |
| X0Y3              |    0 |    24 |    0 |     0 |    0 |     0 |    0 |     0 |    0 |    24 |    0 |     0 |    0 |     0 |
| X1Y3              |    0 |    24 |    0 |     0 |    0 |     0 |    0 |     0 |    0 |     0 |    0 |     0 |    0 |     0 |
| X2Y3              |    0 |    24 |    0 |    24 |    0 |     4 |    0 |     8 |    0 |     0 |    0 |     1 |    0 |     2 |
| X3Y3              |    0 |    24 |    0 |     0 |    0 |     0 |    0 |     0 |    0 |     0 |    0 |     0 |    0 |     0 |
| X4Y3              |    3 |    24 |    1 |    24 |    0 |     4 |    0 |     8 |    0 |     0 |    0 |     1 |    0 |     2 |
| X5Y3              |    0 |    24 |    0 |     0 |    0 |     0 |    0 |     0 |    0 |    24 |    0 |     0 |    0 |     0 |
| X0Y4              |    0 |    24 |    0 |     0 |    0 |     0 |    0 |     0 |    0 |    24 |    0 |     0 |    0 |     0 |
| X1Y4              |    0 |    24 |    0 |     0 |    0 |     0 |    0 |     0 |    0 |     0 |    0 |     0 |    0 |     0 |
| X2Y4              |    0 |    24 |    0 |    24 |    0 |     4 |    0 |     8 |    0 |     0 |    0 |     1 |    0 |     2 |
| X3Y4              |    0 |    24 |    0 |     0 |    0 |     0 |    0 |     0 |    0 |     0 |    0 |     0 |    0 |     0 |
| X4Y4              |    3 |    24 |    0 |    24 |    0 |     4 |    0 |     8 |    0 |     0 |    0 |     1 |    0 |     2 |
| X5Y4              |    1 |    24 |    0 |     0 |    0 |     0 |    0 |     0 |    0 |    24 |    0 |     0 |    0 |     0 |
| X0Y5              |    0 |    24 |    0 |    24 |    0 |     4 |    0 |     8 |    0 |     0 |    0 |     1 |    0 |     2 |
| X1Y5              |    0 |    24 |    0 |     0 |    0 |     0 |    0 |     0 |    0 |     0 |    0 |     0 |    0 |     0 |
| X2Y5              |    0 |    24 |    0 |    24 |    0 |     4 |    0 |     8 |    0 |     0 |    0 |     1 |    0 |     2 |
| X3Y5              |    0 |    24 |    0 |     0 |    0 |     0 |    0 |     0 |    0 |     0 |    0 |     0 |    0 |     0 |
| X4Y5              |    3 |    24 |    0 |    24 |    0 |     4 |    0 |     8 |    0 |     0 |    0 |     1 |    0 |     2 |
| X5Y5              |    6 |    24 |    0 |     0 |    0 |     0 |    0 |     0 |    3 |    24 |    0 |     0 |    0 |     0 |
| X0Y6              |    0 |    24 |    0 |    24 |    0 |     4 |    0 |     8 |    0 |     0 |    0 |     1 |    0 |     2 |
| X1Y6              |    0 |    24 |    0 |     0 |    0 |     0 |    0 |     0 |    0 |     0 |    0 |     0 |    0 |     0 |
| X2Y6              |    0 |    24 |    0 |    24 |    0 |     4 |    0 |     8 |    0 |     0 |    0 |     1 |    0 |     2 |
| X3Y6              |    0 |    24 |    0 |     0 |    0 |     0 |    0 |     0 |    0 |     0 |    0 |     0 |    0 |     0 |
| X4Y6              |    2 |    24 |    2 |    24 |    0 |     4 |    0 |     8 |    0 |     0 |    1 |     1 |    0 |     2 |
| X5Y6              |    1 |    24 |    0 |     0 |    0 |     0 |    0 |     0 |    0 |    24 |    0 |     0 |    0 |     0 |
| X0Y7              |    0 |    24 |    0 |     0 |    0 |     0 |    0 |     0 |    0 |    24 |    0 |     0 |    0 |     0 |
| X1Y7              |    0 |    24 |    0 |     0 |    0 |     0 |    0 |     0 |    0 |     0 |    0 |     0 |    0 |     0 |
| X2Y7              |    0 |    24 |    0 |    24 |    0 |     4 |    0 |     8 |    0 |     0 |    0 |     1 |    0 |     2 |
| X3Y7              |    0 |    24 |    0 |     0 |    0 |     0 |    0 |     0 |    0 |     0 |    0 |     0 |    0 |     0 |
| X4Y7              |    0 |    24 |    0 |    24 |    0 |     4 |    0 |     8 |    0 |     0 |    0 |     1 |    0 |     2 |
| X5Y7              |    0 |    24 |    0 |     0 |    0 |     0 |    0 |     0 |    0 |    24 |    0 |     0 |    0 |     0 |
| X0Y8              |    0 |    24 |    0 |     0 |    0 |     0 |    0 |     0 |    0 |    24 |    0 |     0 |    0 |     0 |
| X1Y8              |    0 |    24 |    0 |     0 |    0 |     0 |    0 |     0 |    0 |     0 |    0 |     0 |    0 |     0 |
| X2Y8              |    0 |    24 |    0 |    24 |    0 |     4 |    0 |     8 |    0 |     0 |    0 |     1 |    0 |     2 |
| X3Y8              |    0 |    24 |    0 |     0 |    0 |     0 |    0 |     0 |    0 |     0 |    0 |     0 |    0 |     0 |
| X4Y8              |    0 |    24 |    0 |    24 |    0 |     4 |    0 |     8 |    0 |     0 |    0 |     1 |    0 |     2 |
| X5Y8              |    0 |    24 |    0 |     0 |    0 |     0 |    0 |     0 |    0 |    24 |    0 |     0 |    0 |     0 |
| X0Y9              |    0 |    24 |    0 |     0 |    0 |     0 |    0 |     0 |    0 |    24 |    0 |     0 |    0 |     0 |
| X1Y9              |    0 |    24 |    0 |     0 |    0 |     0 |    0 |     0 |    0 |     0 |    0 |     0 |    0 |     0 |
| X2Y9              |    0 |    24 |    0 |    24 |    0 |     4 |    0 |     8 |    0 |     0 |    0 |     1 |    0 |     2 |
| X3Y9              |    0 |    24 |    0 |     0 |    0 |     0 |    0 |     0 |    0 |     0 |    0 |     0 |    0 |     0 |
| X4Y9              |    0 |    24 |    0 |    24 |    0 |     4 |    0 |     8 |    0 |     0 |    0 |     1 |    0 |     2 |
| X5Y9              |    0 |    24 |    0 |     0 |    0 |     0 |    0 |     0 |    0 |    24 |    0 |     0 |    0 |     0 |
+-------------------+------+-------+------+-------+------+-------+------+-------+------+-------+------+-------+------+-------+
* Global Clock column represents track count; while other columns represents cell counts


5. Clock Regions : Load Primitives
----------------------------------

+-------------------+------------------+------------------+------------------+------------------+------------------+------------------+------------------+
|                   |   Global Clock   |        FF        |      LUTRAM      |  Block RAM (18K) |        DSP       |        GT        |      HARD IP     |
+-------------------+--------+---------+--------+---------+--------+---------+--------+---------+--------+---------+--------+---------+--------+---------+
| Clock Region Name | Used   | Avail   | Used   | Avail   | Used   | Avail   | Used   | Avail   | Used   | Avail   | Used   | Avail   | Used   | Avail   |
+-------------------+--------+---------+--------+---------+--------+---------+--------+---------+--------+---------+--------+---------+--------+---------+
| X0Y0              |      0 |      24 |      0 |   20160 |      0 |    4800 |      0 |      72 |      0 |     120 |      0 |       0 |      0 |       0 |
| X1Y0              |      0 |      24 |      0 |   22080 |      0 |    5280 |      0 |      72 |      0 |      96 |      0 |       0 |      0 |       0 |
| X2Y0              |      0 |      24 |      0 |   20160 |      0 |    4800 |      0 |      72 |      0 |     120 |      0 |       0 |      0 |       0 |
| X3Y0              |      0 |      24 |      0 |   22080 |      0 |    5280 |      0 |      72 |      0 |      96 |      0 |       0 |      0 |       0 |
| X4Y0              |      0 |      24 |      0 |   20160 |      0 |    4800 |      0 |      72 |      0 |     120 |      0 |       0 |      0 |       0 |
| X5Y0              |      0 |      24 |      0 |   21120 |      0 |     960 |      0 |      72 |      0 |       0 |      0 |       4 |      0 |       1 |
| X0Y1              |      0 |      24 |      0 |   22080 |      0 |    5760 |      0 |      72 |      0 |     120 |      0 |       0 |      0 |       0 |
| X1Y1              |      0 |      24 |      0 |   24000 |      0 |    6240 |      0 |      72 |      0 |      96 |      0 |       0 |      0 |       0 |
| X2Y1              |      0 |      24 |      0 |   22080 |      0 |    5760 |      0 |      72 |      0 |     120 |      0 |       0 |      0 |       0 |
| X3Y1              |      0 |      24 |      0 |   24000 |      0 |    6240 |      0 |      72 |      0 |      96 |      0 |       0 |      0 |       0 |
| X4Y1              |      3 |      24 |     15 |   22080 |      0 |    5760 |     12 |      72 |      0 |     120 |      0 |       0 |      0 |       0 |
| X5Y1              |      3 |      24 |   4721 |   23040 |     75 |    1920 |     43 |      72 |      0 |       0 |      0 |       4 |      0 |       0 |
| X0Y2              |      0 |      24 |      0 |   22080 |      0 |    5760 |      0 |      72 |      0 |     120 |      0 |       4 |      0 |       0 |
| X1Y2              |      0 |      24 |      0 |   24000 |      0 |    6240 |      0 |      72 |      0 |      96 |      0 |       0 |      0 |       0 |
| X2Y2              |      0 |      24 |      0 |   22080 |      0 |    5760 |      0 |      72 |      0 |     120 |      0 |       0 |      0 |       0 |
| X3Y2              |      0 |      24 |      0 |   24000 |      0 |    6240 |      0 |      72 |      0 |      96 |      0 |       0 |      0 |       0 |
| X4Y2              |      3 |      24 |      2 |   22080 |      0 |    5760 |     28 |      72 |      0 |     120 |      0 |       0 |      0 |       0 |
| X5Y2              |      3 |      24 |   2518 |   23040 |    102 |    1920 |     63 |      72 |      0 |       0 |      0 |       4 |      0 |       0 |
| X0Y3              |      0 |      24 |      0 |   22080 |      0 |    5760 |      0 |      72 |      0 |     120 |      0 |       4 |      0 |       0 |
| X1Y3              |      0 |      24 |      0 |   24000 |      0 |    6240 |      0 |      72 |      0 |      96 |      0 |       0 |      0 |       0 |
| X2Y3              |      0 |      24 |      0 |   22080 |      0 |    5760 |      0 |      72 |      0 |     120 |      0 |       0 |      0 |       0 |
| X3Y3              |      0 |      24 |      0 |   24000 |      0 |    6240 |      0 |      72 |      0 |      96 |      0 |       0 |      0 |       0 |
| X4Y3              |      3 |      24 |     18 |   22080 |      0 |    5760 |      0 |      72 |      0 |     120 |      0 |       0 |      0 |       0 |
| X5Y3              |      0 |      24 |      0 |   23040 |      0 |    1920 |      0 |      72 |      0 |       0 |      0 |       4 |      0 |       1 |
| X0Y4              |      0 |      24 |      0 |   20160 |      0 |    4800 |      0 |      72 |      0 |     120 |      0 |       4 |      0 |       0 |
| X1Y4              |      0 |      24 |      0 |   22080 |      0 |    5280 |      0 |      72 |      0 |      96 |      0 |       0 |      0 |       0 |
| X2Y4              |      0 |      24 |      0 |   20160 |      0 |    4800 |      0 |      72 |      0 |     120 |      0 |       0 |      0 |       0 |
| X3Y4              |      0 |      24 |      0 |   22080 |      0 |    5280 |      0 |      72 |      0 |      96 |      0 |       0 |      0 |       0 |
| X4Y4              |      3 |      24 |      0 |   20160 |      0 |    4800 |      0 |      72 |      0 |     120 |      0 |       0 |      0 |       0 |
| X5Y4              |      1 |      24 |      6 |   21120 |      0 |     960 |      0 |      72 |      0 |       0 |      0 |       4 |      0 |       1 |
| X0Y5              |      0 |      24 |      0 |   20160 |      0 |    4800 |      0 |      72 |      0 |     120 |      0 |       0 |      0 |       0 |
| X1Y5              |      0 |      24 |      0 |   22080 |      0 |    5280 |      0 |      72 |      0 |      96 |      0 |       0 |      0 |       0 |
| X2Y5              |      0 |      24 |      0 |   20160 |      0 |    4800 |      0 |      72 |      0 |     120 |      0 |       0 |      0 |       0 |
| X3Y5              |      0 |      24 |      0 |   22080 |      0 |    5280 |      0 |      72 |      0 |      96 |      0 |       0 |      0 |       0 |
| X4Y5              |      3 |      24 |      0 |   20160 |      4 |    4800 |      0 |      72 |      0 |     120 |      0 |       0 |      0 |       0 |
| X5Y5              |      6 |      24 |   1086 |   21120 |     12 |     960 |      0 |      72 |      0 |       0 |      1 |       4 |      0 |       1 |
| X0Y6              |      0 |      24 |      0 |   22080 |      0 |    5760 |      0 |      72 |      0 |     120 |      0 |       0 |      0 |       0 |
| X1Y6              |      0 |      24 |      0 |   24000 |      0 |    6240 |      0 |      72 |      0 |      96 |      0 |       0 |      0 |       0 |
| X2Y6              |      0 |      24 |      0 |   22080 |      0 |    5760 |      0 |      72 |      0 |     120 |      0 |       0 |      0 |       0 |
| X3Y6              |      0 |      24 |      0 |   24000 |      0 |    6240 |      0 |      72 |      0 |      96 |      0 |       0 |      0 |       0 |
| X4Y6              |      2 |      24 |      0 |   22080 |      0 |    5760 |      0 |      72 |      0 |     120 |      0 |       0 |      0 |       0 |
| X5Y6              |      1 |      24 |      0 |   23040 |      0 |    1920 |      0 |      72 |      0 |       0 |      0 |       4 |      0 |       0 |
| X0Y7              |      0 |      24 |      0 |   22080 |      0 |    5760 |      0 |      72 |      0 |     120 |      0 |       4 |      0 |       0 |
| X1Y7              |      0 |      24 |      0 |   24000 |      0 |    6240 |      0 |      72 |      0 |      96 |      0 |       0 |      0 |       0 |
| X2Y7              |      0 |      24 |      0 |   22080 |      0 |    5760 |      0 |      72 |      0 |     120 |      0 |       0 |      0 |       0 |
| X3Y7              |      0 |      24 |      0 |   24000 |      0 |    6240 |      0 |      72 |      0 |      96 |      0 |       0 |      0 |       0 |
| X4Y7              |      0 |      24 |      0 |   22080 |      0 |    5760 |      0 |      72 |      0 |     120 |      0 |       0 |      0 |       0 |
| X5Y7              |      0 |      24 |      0 |   23040 |      0 |    1920 |      0 |      72 |      0 |       0 |      0 |       4 |      0 |       0 |
| X0Y8              |      0 |      24 |      0 |   22080 |      0 |    5760 |      0 |      72 |      0 |     120 |      0 |       4 |      0 |       0 |
| X1Y8              |      0 |      24 |      0 |   24000 |      0 |    6240 |      0 |      72 |      0 |      96 |      0 |       0 |      0 |       0 |
| X2Y8              |      0 |      24 |      0 |   22080 |      0 |    5760 |      0 |      72 |      0 |     120 |      0 |       0 |      0 |       0 |
| X3Y8              |      0 |      24 |      0 |   24000 |      0 |    6240 |      0 |      72 |      0 |      96 |      0 |       0 |      0 |       0 |
| X4Y8              |      0 |      24 |      0 |   22080 |      0 |    5760 |      0 |      72 |      0 |     120 |      0 |       0 |      0 |       0 |
| X5Y8              |      0 |      24 |      0 |   23040 |      0 |    1920 |      0 |      72 |      0 |       0 |      0 |       4 |      0 |       1 |
| X0Y9              |      0 |      24 |      0 |   20160 |      0 |    4800 |      0 |      72 |      0 |     120 |      0 |       4 |      0 |       0 |
| X1Y9              |      0 |      24 |      0 |   22080 |      0 |    5280 |      0 |      72 |      0 |      96 |      0 |       0 |      0 |       0 |
| X2Y9              |      0 |      24 |      0 |   20160 |      0 |    4800 |      0 |      72 |      0 |     120 |      0 |       0 |      0 |       0 |
| X3Y9              |      0 |      24 |      0 |   22080 |      0 |    5280 |      0 |      72 |      0 |      96 |      0 |       0 |      0 |       0 |
| X4Y9              |      0 |      24 |      0 |   20160 |      0 |    4800 |      0 |      72 |      0 |     120 |      0 |       0 |      0 |       0 |
| X5Y9              |      0 |      24 |      0 |   21120 |      0 |     960 |      0 |      72 |      0 |       0 |      0 |       4 |      0 |       1 |
+-------------------+--------+---------+--------+---------+--------+---------+--------+---------+--------+---------+--------+---------+--------+---------+
* Global Clock column represents track count; while other columns represents cell counts


6. Clock Regions : Global Clock Summary
---------------------------------------

All Modules
+----+----+----+----+----+----+----+
|    | X0 | X1 | X2 | X3 | X4 | X5 |
+----+----+----+----+----+----+----+
| Y9 |  0 |  0 |  0 |  0 |  0 |  0 |
| Y8 |  0 |  0 |  0 |  0 |  0 |  0 |
| Y7 |  0 |  0 |  0 |  0 |  0 |  0 |
| Y6 |  0 |  0 |  0 |  0 |  0 |  0 |
| Y5 |  0 |  0 |  0 |  0 |  3 |  6 |
| Y4 |  0 |  0 |  0 |  0 |  3 |  1 |
| Y3 |  0 |  0 |  0 |  0 |  3 |  0 |
| Y2 |  0 |  0 |  0 |  0 |  3 |  3 |
| Y1 |  0 |  0 |  0 |  0 |  3 |  3 |
| Y0 |  0 |  0 |  0 |  0 |  0 |  0 |
+----+----+----+----+----+----+----+


7. Clock Regions : Routing Resource Utilization
-----------------------------------------------

All Modules
+-------------------+----------------------+----------------------+----------------------+----------------------+
|                   |        HROUTES       |        HDISTRS       |        VROUTES       |        VDISTRS       |
+-------------------+------+-------+-------+------+-------+-------+------+-------+-------+------+-------+-------+
| Clock Region Name | Used | Avail | Util% | Used | Avail | Util% | Used | Avail | Util% | Used | Avail | Util% |
+-------------------+------+-------+-------+------+-------+-------+------+-------+-------+------+-------+-------+
| X0Y0              |    0 |    24 |  0.00 |    0 |    24 |  0.00 |    0 |    24 |  0.00 |    0 |    24 |  0.00 |
| X1Y0              |    0 |    24 |  0.00 |    0 |    24 |  0.00 |    0 |    24 |  0.00 |    0 |    24 |  0.00 |
| X2Y0              |    0 |    24 |  0.00 |    0 |    24 |  0.00 |    0 |    24 |  0.00 |    0 |    24 |  0.00 |
| X3Y0              |    0 |    24 |  0.00 |    0 |    24 |  0.00 |    0 |    24 |  0.00 |    0 |    24 |  0.00 |
| X4Y0              |    0 |    24 |  0.00 |    0 |    24 |  0.00 |    0 |    24 |  0.00 |    0 |    24 |  0.00 |
| X5Y0              |    0 |    24 |  0.00 |    0 |    24 |  0.00 |    0 |    24 |  0.00 |    0 |    24 |  0.00 |
| X0Y1              |    0 |    24 |  0.00 |    0 |    24 |  0.00 |    0 |    24 |  0.00 |    0 |    24 |  0.00 |
| X1Y1              |    0 |    24 |  0.00 |    0 |    24 |  0.00 |    0 |    24 |  0.00 |    0 |    24 |  0.00 |
| X2Y1              |    0 |    24 |  0.00 |    0 |    24 |  0.00 |    0 |    24 |  0.00 |    0 |    24 |  0.00 |
| X3Y1              |    0 |    24 |  0.00 |    0 |    24 |  0.00 |    0 |    24 |  0.00 |    0 |    24 |  0.00 |
| X4Y1              |    0 |    24 |  0.00 |    3 |    24 | 12.50 |    0 |    24 |  0.00 |    3 |    24 | 12.50 |
| X5Y1              |    0 |    24 |  0.00 |    3 |    24 | 12.50 |    0 |    24 |  0.00 |    0 |    24 |  0.00 |
| X0Y2              |    0 |    24 |  0.00 |    0 |    24 |  0.00 |    0 |    24 |  0.00 |    0 |    24 |  0.00 |
| X1Y2              |    0 |    24 |  0.00 |    0 |    24 |  0.00 |    0 |    24 |  0.00 |    0 |    24 |  0.00 |
| X2Y2              |    0 |    24 |  0.00 |    0 |    24 |  0.00 |    0 |    24 |  0.00 |    0 |    24 |  0.00 |
| X3Y2              |    0 |    24 |  0.00 |    0 |    24 |  0.00 |    0 |    24 |  0.00 |    0 |    24 |  0.00 |
| X4Y2              |    0 |    24 |  0.00 |    3 |    24 | 12.50 |    0 |    24 |  0.00 |    3 |    24 | 12.50 |
| X5Y2              |    0 |    24 |  0.00 |    3 |    24 | 12.50 |    0 |    24 |  0.00 |    0 |    24 |  0.00 |
| X0Y3              |    0 |    24 |  0.00 |    0 |    24 |  0.00 |    0 |    24 |  0.00 |    0 |    24 |  0.00 |
| X1Y3              |    0 |    24 |  0.00 |    0 |    24 |  0.00 |    0 |    24 |  0.00 |    0 |    24 |  0.00 |
| X2Y3              |    0 |    24 |  0.00 |    0 |    24 |  0.00 |    0 |    24 |  0.00 |    0 |    24 |  0.00 |
| X3Y3              |    0 |    24 |  0.00 |    0 |    24 |  0.00 |    0 |    24 |  0.00 |    0 |    24 |  0.00 |
| X4Y3              |    1 |    24 |  4.17 |    1 |    24 |  4.17 |    2 |    24 |  8.33 |    3 |    24 | 12.50 |
| X5Y3              |    0 |    24 |  0.00 |    0 |    24 |  0.00 |    0 |    24 |  0.00 |    0 |    24 |  0.00 |
| X0Y4              |    0 |    24 |  0.00 |    0 |    24 |  0.00 |    0 |    24 |  0.00 |    0 |    24 |  0.00 |
| X1Y4              |    0 |    24 |  0.00 |    0 |    24 |  0.00 |    0 |    24 |  0.00 |    0 |    24 |  0.00 |
| X2Y4              |    0 |    24 |  0.00 |    0 |    24 |  0.00 |    0 |    24 |  0.00 |    0 |    24 |  0.00 |
| X3Y4              |    0 |    24 |  0.00 |    0 |    24 |  0.00 |    0 |    24 |  0.00 |    0 |    24 |  0.00 |
| X4Y4              |    0 |    24 |  0.00 |    1 |    24 |  4.17 |    2 |    24 |  8.33 |    3 |    24 | 12.50 |
| X5Y4              |    0 |    24 |  0.00 |    1 |    24 |  4.17 |    0 |    24 |  0.00 |    0 |    24 |  0.00 |
| X0Y5              |    0 |    24 |  0.00 |    0 |    24 |  0.00 |    0 |    24 |  0.00 |    0 |    24 |  0.00 |
| X1Y5              |    0 |    24 |  0.00 |    0 |    24 |  0.00 |    0 |    24 |  0.00 |    0 |    24 |  0.00 |
| X2Y5              |    0 |    24 |  0.00 |    0 |    24 |  0.00 |    0 |    24 |  0.00 |    0 |    24 |  0.00 |
| X3Y5              |    0 |    24 |  0.00 |    0 |    24 |  0.00 |    0 |    24 |  0.00 |    0 |    24 |  0.00 |
| X4Y5              |    1 |    24 |  4.17 |    3 |    24 | 12.50 |    2 |    24 |  8.33 |    0 |    24 |  0.00 |
| X5Y5              |    1 |    24 |  4.17 |    6 |    24 | 25.00 |    1 |    24 |  4.17 |    1 |    24 |  4.17 |
| X0Y6              |    0 |    24 |  0.00 |    0 |    24 |  0.00 |    0 |    24 |  0.00 |    0 |    24 |  0.00 |
| X1Y6              |    0 |    24 |  0.00 |    0 |    24 |  0.00 |    0 |    24 |  0.00 |    0 |    24 |  0.00 |
| X2Y6              |    0 |    24 |  0.00 |    0 |    24 |  0.00 |    0 |    24 |  0.00 |    0 |    24 |  0.00 |
| X3Y6              |    0 |    24 |  0.00 |    0 |    24 |  0.00 |    0 |    24 |  0.00 |    0 |    24 |  0.00 |
| X4Y6              |    2 |    24 |  8.33 |    0 |    24 |  0.00 |    1 |    24 |  4.17 |    0 |    24 |  0.00 |
| X5Y6              |    1 |    24 |  4.17 |    0 |    24 |  0.00 |    1 |    24 |  4.17 |    0 |    24 |  0.00 |
| X0Y7              |    0 |    24 |  0.00 |    0 |    24 |  0.00 |    0 |    24 |  0.00 |    0 |    24 |  0.00 |
| X1Y7              |    0 |    24 |  0.00 |    0 |    24 |  0.00 |    0 |    24 |  0.00 |    0 |    24 |  0.00 |
| X2Y7              |    0 |    24 |  0.00 |    0 |    24 |  0.00 |    0 |    24 |  0.00 |    0 |    24 |  0.00 |
| X3Y7              |    0 |    24 |  0.00 |    0 |    24 |  0.00 |    0 |    24 |  0.00 |    0 |    24 |  0.00 |
| X4Y7              |    0 |    24 |  0.00 |    0 |    24 |  0.00 |    0 |    24 |  0.00 |    0 |    24 |  0.00 |
| X5Y7              |    0 |    24 |  0.00 |    0 |    24 |  0.00 |    0 |    24 |  0.00 |    0 |    24 |  0.00 |
| X0Y8              |    0 |    24 |  0.00 |    0 |    24 |  0.00 |    0 |    24 |  0.00 |    0 |    24 |  0.00 |
| X1Y8              |    0 |    24 |  0.00 |    0 |    24 |  0.00 |    0 |    24 |  0.00 |    0 |    24 |  0.00 |
| X2Y8              |    0 |    24 |  0.00 |    0 |    24 |  0.00 |    0 |    24 |  0.00 |    0 |    24 |  0.00 |
| X3Y8              |    0 |    24 |  0.00 |    0 |    24 |  0.00 |    0 |    24 |  0.00 |    0 |    24 |  0.00 |
| X4Y8              |    0 |    24 |  0.00 |    0 |    24 |  0.00 |    0 |    24 |  0.00 |    0 |    24 |  0.00 |
| X5Y8              |    0 |    24 |  0.00 |    0 |    24 |  0.00 |    0 |    24 |  0.00 |    0 |    24 |  0.00 |
| X0Y9              |    0 |    24 |  0.00 |    0 |    24 |  0.00 |    0 |    24 |  0.00 |    0 |    24 |  0.00 |
| X1Y9              |    0 |    24 |  0.00 |    0 |    24 |  0.00 |    0 |    24 |  0.00 |    0 |    24 |  0.00 |
| X2Y9              |    0 |    24 |  0.00 |    0 |    24 |  0.00 |    0 |    24 |  0.00 |    0 |    24 |  0.00 |
| X3Y9              |    0 |    24 |  0.00 |    0 |    24 |  0.00 |    0 |    24 |  0.00 |    0 |    24 |  0.00 |
| X4Y9              |    0 |    24 |  0.00 |    0 |    24 |  0.00 |    0 |    24 |  0.00 |    0 |    24 |  0.00 |
| X5Y9              |    0 |    24 |  0.00 |    0 |    24 |  0.00 |    0 |    24 |  0.00 |    0 |    24 |  0.00 |
+-------------------+------+-------+-------+------+-------+-------+------+-------+-------+------+-------+-------+


8. Device Cell Placement Summary for Global Clock g0
----------------------------------------------------

+-----------+-----------------+-------------------+--------------+-------------+---------------+----------+-------------+----------+----------------+----------+---------------------------------------+
| Global Id | Driver Type/Pin | Driver Region (D) | Clock        | Period (ns) | Waveform (ns) | Root (R) | Slice Loads | IO Loads | Clocking Loads | GT Loads | Net                                   |
+-----------+-----------------+-------------------+--------------+-------------+---------------+----------+-------------+----------+----------------+----------+---------------------------------------+
| g0        | BUFGCE/O        | X4Y6              | sys_clk0_dcm |      10.000 | {0.000 5.000} | X4Y3     |        6571 |        0 |              0 |        0 | snap2_v2_infrastructure_inst/sys_clk0 |
+-----------+-----------------+-------------------+--------------+-------------+---------------+----------+-------------+----------+----------------+----------+---------------------------------------+
* Slice Loads column represents load cell count of all cell types other than IO, GT and clock resources
** IO Loads column represents load cell count of IO types
*** Clocking Loads column represents load cell count that are clock resources (global clock buffer, MMCM, PLL, etc)
**** GT Loads column represents load cell count of GT types


+----+----+----+----+----+--------+-------+
|    | X0 | X1 | X2 | X3 | X4     | X5    |
+----+----+----+----+----+--------+-------+
| Y9 |  0 |  0 |  0 |  0 |      0 |     0 |
| Y8 |  0 |  0 |  0 |  0 |      0 |     0 |
| Y7 |  0 |  0 |  0 |  0 |      0 |     0 |
| Y6 |  0 |  0 |  0 |  0 |  (D) 0 |     0 |
| Y5 |  0 |  0 |  0 |  0 |      0 |     8 |
| Y4 |  0 |  0 |  0 |  0 |      0 |     0 |
| Y3 |  0 |  0 |  0 |  0 | (R) 18 |     0 |
| Y2 |  0 |  0 |  0 |  0 |     14 |  2287 |
| Y1 |  0 |  0 |  0 |  0 |     21 |  4223 |
| Y0 |  0 |  0 |  0 |  0 |      0 |     0 |
+----+----+----+----+----+--------+-------+


9. Device Cell Placement Summary for Global Clock g1
----------------------------------------------------

+-----------+-----------------+-------------------+------------------+-------------+---------------+----------+-------------+----------+----------------+----------+--------------------------------------------------------+
| Global Id | Driver Type/Pin | Driver Region (D) | Clock            | Period (ns) | Waveform (ns) | Root (R) | Slice Loads | IO Loads | Clocking Loads | GT Loads | Net                                                    |
+-----------+-----------------+-------------------+------------------+-------------+---------------+----------+-------------+----------+----------------+----------+--------------------------------------------------------+
| g1        | BUFG_GT/O       | X5Y5              | gbe_userclk2_out |       8.000 | {0.000 4.000} | X4Y3     |        1449 |        0 |              0 |        0 | gpio_pins3_one_gbe_pcs_pma/U0/core_clocking_i/userclk2 |
+-----------+-----------------+-------------------+------------------+-------------+---------------+----------+-------------+----------+----------------+----------+--------------------------------------------------------+
* Slice Loads column represents load cell count of all cell types other than IO, GT and clock resources
** IO Loads column represents load cell count of IO types
*** Clocking Loads column represents load cell count that are clock resources (global clock buffer, MMCM, PLL, etc)
**** GT Loads column represents load cell count of GT types


+----+----+----+----+----+-------+----------+
|    | X0 | X1 | X2 | X3 | X4    | X5       |
+----+----+----+----+----+-------+----------+
| Y9 |  0 |  0 |  0 |  0 |     0 |        0 |
| Y8 |  0 |  0 |  0 |  0 |     0 |        0 |
| Y7 |  0 |  0 |  0 |  0 |     0 |        0 |
| Y6 |  0 |  0 |  0 |  0 |     0 |        0 |
| Y5 |  0 |  0 |  0 |  0 |     0 |  (D) 612 |
| Y4 |  0 |  0 |  0 |  0 |     0 |        6 |
| Y3 |  0 |  0 |  0 |  0 | (R) 0 |        0 |
| Y2 |  0 |  0 |  0 |  0 |     2 |      226 |
| Y1 |  0 |  0 |  0 |  0 |     2 |      601 |
| Y0 |  0 |  0 |  0 |  0 |     0 |        0 |
+----+----+----+----+----+-------+----------+


10. Device Cell Placement Summary for Global Clock g2
-----------------------------------------------------

+-----------+-----------------+-------------------+-------------+-------------+---------------+----------+-------------+----------+----------------+----------+-------------------------------------------------------+
| Global Id | Driver Type/Pin | Driver Region (D) | Clock       | Period (ns) | Waveform (ns) | Root (R) | Slice Loads | IO Loads | Clocking Loads | GT Loads | Net                                                   |
+-----------+-----------------+-------------------+-------------+-------------+---------------+----------+-------------+----------+----------------+----------+-------------------------------------------------------+
| g2        | BUFG_GT/O       | X5Y5              | userclk_out |      16.000 | {0.000 8.000} | X5Y5     |          28 |        0 |              0 |        1 | gpio_pins3_one_gbe_pcs_pma/U0/core_clocking_i/userclk |
+-----------+-----------------+-------------------+-------------+-------------+---------------+----------+-------------+----------+----------------+----------+-------------------------------------------------------+
* Slice Loads column represents load cell count of all cell types other than IO, GT and clock resources
** IO Loads column represents load cell count of IO types
*** Clocking Loads column represents load cell count that are clock resources (global clock buffer, MMCM, PLL, etc)
**** GT Loads column represents load cell count of GT types


+----+----+----+----+----+----+------------+
|    | X0 | X1 | X2 | X3 | X4 | X5         |
+----+----+----+----+----+----+------------+
| Y9 |  0 |  0 |  0 |  0 |  0 |          0 |
| Y8 |  0 |  0 |  0 |  0 |  0 |          0 |
| Y7 |  0 |  0 |  0 |  0 |  0 |          0 |
| Y6 |  0 |  0 |  0 |  0 |  0 |          0 |
| Y5 |  0 |  0 |  0 |  0 |  0 | (R) (D) 29 |
| Y4 |  0 |  0 |  0 |  0 |  0 |          0 |
| Y3 |  0 |  0 |  0 |  0 |  0 |          0 |
| Y2 |  0 |  0 |  0 |  0 |  0 |          0 |
| Y1 |  0 |  0 |  0 |  0 |  0 |          0 |
| Y0 |  0 |  0 |  0 |  0 |  0 |          0 |
+----+----+----+----+----+----+------------+


11. Device Cell Placement Summary for Global Clock g3
-----------------------------------------------------

+-----------+-----------------+-------------------+--------------------------------------------------------------------+-------------+----------------+----------+-------------+----------+----------------+----------+-------------------------------------------------------------------------+
| Global Id | Driver Type/Pin | Driver Region (D) | Clock                                                              | Period (ns) | Waveform (ns)  | Root (R) | Slice Loads | IO Loads | Clocking Loads | GT Loads | Net                                                                     |
+-----------+-----------------+-------------------+--------------------------------------------------------------------+-------------+----------------+----------+-------------+----------+----------------+----------+-------------------------------------------------------------------------+
| g3        | BUFGCE/O        | X4Y3              | cont_microblaze_inst/mdm_1/U0/Use_E2.BSCAN_I/Use_E2.BSCANE2_I/DRCK |      33.333 | {0.000 16.667} | X4Y3     |         232 |        0 |              0 |        0 | cont_microblaze_inst/mdm_1/U0/No_Dbg_Reg_Access.BUFG_DRCK/Ext_JTAG_DRCK |
+-----------+-----------------+-------------------+--------------------------------------------------------------------+-------------+----------------+----------+-------------+----------+----------------+----------+-------------------------------------------------------------------------+
* Slice Loads column represents load cell count of all cell types other than IO, GT and clock resources
** IO Loads column represents load cell count of IO types
*** Clocking Loads column represents load cell count that are clock resources (global clock buffer, MMCM, PLL, etc)
**** GT Loads column represents load cell count of GT types


+----+----+----+----+----+-----------+------+
|    | X0 | X1 | X2 | X3 | X4        | X5   |
+----+----+----+----+----+-----------+------+
| Y9 |  0 |  0 |  0 |  0 |         0 |    0 |
| Y8 |  0 |  0 |  0 |  0 |         0 |    0 |
| Y7 |  0 |  0 |  0 |  0 |         0 |    0 |
| Y6 |  0 |  0 |  0 |  0 |         0 |    0 |
| Y5 |  0 |  0 |  0 |  0 |         4 |   87 |
| Y4 |  0 |  0 |  0 |  0 |         0 |    0 |
| Y3 |  0 |  0 |  0 |  0 | (R) (D) 0 |    0 |
| Y2 |  0 |  0 |  0 |  0 |         0 |  139 |
| Y1 |  0 |  0 |  0 |  0 |         0 |    2 |
| Y0 |  0 |  0 |  0 |  0 |         0 |    0 |
+----+----+----+----+----+-----------+------+


12. Device Cell Placement Summary for Global Clock g4
-----------------------------------------------------

+-----------+-----------------+-------------------+-------------+-------------+---------------+----------+-------------+----------+----------------+----------+--------------------------------------+
| Global Id | Driver Type/Pin | Driver Region (D) | Clock       | Period (ns) | Waveform (ns) | Root (R) | Slice Loads | IO Loads | Clocking Loads | GT Loads | Net                                  |
+-----------+-----------------+-------------------+-------------+-------------+---------------+----------+-------------+----------+----------------+----------+--------------------------------------+
| g4        | BUFGCE/O        | X4Y6              | clk_200_dcm |       5.000 | {0.000 2.500} | X5Y5     |         192 |        0 |              0 |        1 | snap2_v2_infrastructure_inst/clk_200 |
+-----------+-----------------+-------------------+-------------+-------------+---------------+----------+-------------+----------+----------------+----------+--------------------------------------+
* Slice Loads column represents load cell count of all cell types other than IO, GT and clock resources
** IO Loads column represents load cell count of IO types
*** Clocking Loads column represents load cell count that are clock resources (global clock buffer, MMCM, PLL, etc)
**** GT Loads column represents load cell count of GT types


+----+----+----+----+----+--------+---------+
|    | X0 | X1 | X2 | X3 | X4     | X5      |
+----+----+----+----+----+--------+---------+
| Y9 |  0 |  0 |  0 |  0 |      0 |       0 |
| Y8 |  0 |  0 |  0 |  0 |      0 |       0 |
| Y7 |  0 |  0 |  0 |  0 |      0 |       0 |
| Y6 |  0 |  0 |  0 |  0 |  (D) 0 |       0 |
| Y5 |  0 |  0 |  0 |  0 |      0 | (R) 193 |
| Y4 |  0 |  0 |  0 |  0 |      0 |       0 |
| Y3 |  0 |  0 |  0 |  0 |      0 |       0 |
| Y2 |  0 |  0 |  0 |  0 |      0 |       0 |
| Y1 |  0 |  0 |  0 |  0 |      0 |       0 |
| Y0 |  0 |  0 |  0 |  0 |      0 |       0 |
+----+----+----+----+----+--------+---------+


13. Device Cell Placement Summary for Global Clock g5
-----------------------------------------------------

+-----------+-----------------+-------------------+-----------------+-------------+---------------+----------+-------------+----------+----------------+----------+----------------------------------------------------------+
| Global Id | Driver Type/Pin | Driver Region (D) | Clock           | Period (ns) | Waveform (ns) | Root (R) | Slice Loads | IO Loads | Clocking Loads | GT Loads | Net                                                      |
+-----------+-----------------+-------------------+-----------------+-------------+---------------+----------+-------------+----------+----------------+----------+----------------------------------------------------------+
| g5        | BUFG_GT/O       | X5Y5              | rxoutclk_out[0] |      16.000 | {0.000 8.000} | X5Y5     |         171 |        0 |              0 |        1 | gpio_pins3_one_gbe_pcs_pma/U0/core_clocking_i/rxuserclk2 |
+-----------+-----------------+-------------------+-----------------+-------------+---------------+----------+-------------+----------+----------------+----------+----------------------------------------------------------+
* Slice Loads column represents load cell count of all cell types other than IO, GT and clock resources
** IO Loads column represents load cell count of IO types
*** Clocking Loads column represents load cell count that are clock resources (global clock buffer, MMCM, PLL, etc)
**** GT Loads column represents load cell count of GT types


+----+----+----+----+----+----+-------------+
|    | X0 | X1 | X2 | X3 | X4 | X5          |
+----+----+----+----+----+----+-------------+
| Y9 |  0 |  0 |  0 |  0 |  0 |           0 |
| Y8 |  0 |  0 |  0 |  0 |  0 |           0 |
| Y7 |  0 |  0 |  0 |  0 |  0 |           0 |
| Y6 |  0 |  0 |  0 |  0 |  0 |           0 |
| Y5 |  0 |  0 |  0 |  0 |  0 | (R) (D) 172 |
| Y4 |  0 |  0 |  0 |  0 |  0 |           0 |
| Y3 |  0 |  0 |  0 |  0 |  0 |           0 |
| Y2 |  0 |  0 |  0 |  0 |  0 |           0 |
| Y1 |  0 |  0 |  0 |  0 |  0 |           0 |
| Y0 |  0 |  0 |  0 |  0 |  0 |           0 |
+----+----+----+----+----+----+-------------+


14. Clock Region Cell Placement per Global Clock: Region X4Y1
-------------------------------------------------------------

+-----------+-------+-----------------+------------+-------------+-----------------+----+--------+------+-----+----+------+-----+---------+-------------------------------------------------------------------------+
| Global Id | Track | Driver Type/Pin | Constraint | Clock Loads | Non-Clock Loads | FF | LUTRAM | RAMB | DSP | GT | MMCM | PLL | Hard IP | Net                                                                     |
+-----------+-------+-----------------+------------+-------------+-----------------+----+--------+------+-----+----+------+-----+---------+-------------------------------------------------------------------------+
| g0        | 2     | BUFGCE/O        | None       |          21 |               0 | 15 |      0 |    6 |   0 |  0 |    0 |   0 |       0 | snap2_v2_infrastructure_inst/sys_clk0                                   |
| g1        | 1     | BUFG_GT/O       | None       |           2 |               0 |  0 |      0 |    2 |   0 |  0 |    0 |   0 |       0 | gpio_pins3_one_gbe_pcs_pma/U0/core_clocking_i/userclk2                  |
| g3+       | 8     | BUFGCE/O        | None       |           0 |               0 |  0 |      0 |    0 |   0 |  0 |    0 |   0 |       0 | cont_microblaze_inst/mdm_1/U0/No_Dbg_Reg_Access.BUFG_DRCK/Ext_JTAG_DRCK |
+-----------+-------+-----------------+------------+-------------+-----------------+----+--------+------+-----+----+------+-----+---------+-------------------------------------------------------------------------+
* Clock Loads column represents the clock pin loads (pin count)
** Non-Clock Loads column represents the non-clock pin loads (pin count)
*** Columns FF, LUTRAM, RAMB through 'Hard IP' represents load cell counts
**** In Global Id column, sympbol '+' indicates that global clock was used only to route through the clock region.


15. Clock Region Cell Placement per Global Clock: Region X5Y1
-------------------------------------------------------------

+-----------+-------+-----------------+------------+-------------+-----------------+------+--------+------+-----+----+------+-----+---------+-------------------------------------------------------------------------+
| Global Id | Track | Driver Type/Pin | Constraint | Clock Loads | Non-Clock Loads | FF   | LUTRAM | RAMB | DSP | GT | MMCM | PLL | Hard IP | Net                                                                     |
+-----------+-------+-----------------+------------+-------------+-----------------+------+--------+------+-----+----+------+-----+---------+-------------------------------------------------------------------------+
| g0        | 2     | BUFGCE/O        | None       |        4223 |               0 | 4131 |     68 |   23 |   0 |  0 |    0 |   0 |       0 | snap2_v2_infrastructure_inst/sys_clk0                                   |
| g1        | 1     | BUFG_GT/O       | None       |         601 |               0 |  590 |      5 |    6 |   0 |  0 |    0 |   0 |       0 | gpio_pins3_one_gbe_pcs_pma/U0/core_clocking_i/userclk2                  |
| g3        | 8     | BUFGCE/O        | None       |           2 |               0 |    0 |      2 |    0 |   0 |  0 |    0 |   0 |       0 | cont_microblaze_inst/mdm_1/U0/No_Dbg_Reg_Access.BUFG_DRCK/Ext_JTAG_DRCK |
+-----------+-------+-----------------+------------+-------------+-----------------+------+--------+------+-----+----+------+-----+---------+-------------------------------------------------------------------------+
* Clock Loads column represents the clock pin loads (pin count)
** Non-Clock Loads column represents the non-clock pin loads (pin count)
*** Columns FF, LUTRAM, RAMB through 'Hard IP' represents load cell counts


16. Clock Region Cell Placement per Global Clock: Region X4Y2
-------------------------------------------------------------

+-----------+-------+-----------------+------------+-------------+-----------------+----+--------+------+-----+----+------+-----+---------+-------------------------------------------------------------------------+
| Global Id | Track | Driver Type/Pin | Constraint | Clock Loads | Non-Clock Loads | FF | LUTRAM | RAMB | DSP | GT | MMCM | PLL | Hard IP | Net                                                                     |
+-----------+-------+-----------------+------------+-------------+-----------------+----+--------+------+-----+----+------+-----+---------+-------------------------------------------------------------------------+
| g0        | 2     | BUFGCE/O        | None       |          14 |               0 |  0 |      0 |   14 |   0 |  0 |    0 |   0 |       0 | snap2_v2_infrastructure_inst/sys_clk0                                   |
| g1        | 1     | BUFG_GT/O       | None       |           2 |               0 |  2 |      0 |    0 |   0 |  0 |    0 |   0 |       0 | gpio_pins3_one_gbe_pcs_pma/U0/core_clocking_i/userclk2                  |
| g3+       | 8     | BUFGCE/O        | None       |           0 |               0 |  0 |      0 |    0 |   0 |  0 |    0 |   0 |       0 | cont_microblaze_inst/mdm_1/U0/No_Dbg_Reg_Access.BUFG_DRCK/Ext_JTAG_DRCK |
+-----------+-------+-----------------+------------+-------------+-----------------+----+--------+------+-----+----+------+-----+---------+-------------------------------------------------------------------------+
* Clock Loads column represents the clock pin loads (pin count)
** Non-Clock Loads column represents the non-clock pin loads (pin count)
*** Columns FF, LUTRAM, RAMB through 'Hard IP' represents load cell counts
**** In Global Id column, sympbol '+' indicates that global clock was used only to route through the clock region.


17. Clock Region Cell Placement per Global Clock: Region X5Y2
-------------------------------------------------------------

+-----------+-------+-----------------+------------+-------------+-----------------+------+--------+------+-----+----+------+-----+---------+-------------------------------------------------------------------------+
| Global Id | Track | Driver Type/Pin | Constraint | Clock Loads | Non-Clock Loads | FF   | LUTRAM | RAMB | DSP | GT | MMCM | PLL | Hard IP | Net                                                                     |
+-----------+-------+-----------------+------------+-------------+-----------------+------+--------+------+-----+----+------+-----+---------+-------------------------------------------------------------------------+
| g0        | 2     | BUFGCE/O        | None       |        2287 |               0 | 2171 |     84 |   32 |   0 |  0 |    0 |   0 |       0 | snap2_v2_infrastructure_inst/sys_clk0                                   |
| g1        | 1     | BUFG_GT/O       | None       |         226 |               0 |  221 |      5 |    0 |   0 |  0 |    0 |   0 |       0 | gpio_pins3_one_gbe_pcs_pma/U0/core_clocking_i/userclk2                  |
| g3        | 8     | BUFGCE/O        | None       |         139 |               0 |  126 |     13 |    0 |   0 |  0 |    0 |   0 |       0 | cont_microblaze_inst/mdm_1/U0/No_Dbg_Reg_Access.BUFG_DRCK/Ext_JTAG_DRCK |
+-----------+-------+-----------------+------------+-------------+-----------------+------+--------+------+-----+----+------+-----+---------+-------------------------------------------------------------------------+
* Clock Loads column represents the clock pin loads (pin count)
** Non-Clock Loads column represents the non-clock pin loads (pin count)
*** Columns FF, LUTRAM, RAMB through 'Hard IP' represents load cell counts


18. Clock Region Cell Placement per Global Clock: Region X4Y3
-------------------------------------------------------------

+-----------+-------+-----------------+------------+-------------+-----------------+----+--------+------+-----+----+------+-----+---------+-------------------------------------------------------------------------+
| Global Id | Track | Driver Type/Pin | Constraint | Clock Loads | Non-Clock Loads | FF | LUTRAM | RAMB | DSP | GT | MMCM | PLL | Hard IP | Net                                                                     |
+-----------+-------+-----------------+------------+-------------+-----------------+----+--------+------+-----+----+------+-----+---------+-------------------------------------------------------------------------+
| g0        | 2     | BUFGCE/O        | None       |          18 |               0 | 18 |      0 |    0 |   0 |  0 |    0 |   0 |       0 | snap2_v2_infrastructure_inst/sys_clk0                                   |
| g1+       | 1     | BUFG_GT/O       | None       |           0 |               0 |  0 |      0 |    0 |   0 |  0 |    0 |   0 |       0 | gpio_pins3_one_gbe_pcs_pma/U0/core_clocking_i/userclk2                  |
| g3+       | 8     | BUFGCE/O        | None       |           0 |               0 |  0 |      0 |    0 |   0 |  0 |    0 |   0 |       0 | cont_microblaze_inst/mdm_1/U0/No_Dbg_Reg_Access.BUFG_DRCK/Ext_JTAG_DRCK |
+-----------+-------+-----------------+------------+-------------+-----------------+----+--------+------+-----+----+------+-----+---------+-------------------------------------------------------------------------+
* Clock Loads column represents the clock pin loads (pin count)
** Non-Clock Loads column represents the non-clock pin loads (pin count)
*** Columns FF, LUTRAM, RAMB through 'Hard IP' represents load cell counts
**** In Global Id column, sympbol '+' indicates that global clock was used only to route through the clock region.


19. Clock Region Cell Placement per Global Clock: Region X4Y4
-------------------------------------------------------------

+-----------+-------+-----------------+------------+-------------+-----------------+----+--------+------+-----+----+------+-----+---------+-------------------------------------------------------------------------+
| Global Id | Track | Driver Type/Pin | Constraint | Clock Loads | Non-Clock Loads | FF | LUTRAM | RAMB | DSP | GT | MMCM | PLL | Hard IP | Net                                                                     |
+-----------+-------+-----------------+------------+-------------+-----------------+----+--------+------+-----+----+------+-----+---------+-------------------------------------------------------------------------+
| g0+       | 2     | BUFGCE/O        | None       |           0 |               0 |  0 |      0 |    0 |   0 |  0 |    0 |   0 |       0 | snap2_v2_infrastructure_inst/sys_clk0                                   |
| g1+       | 1     | BUFG_GT/O       | None       |           0 |               0 |  0 |      0 |    0 |   0 |  0 |    0 |   0 |       0 | gpio_pins3_one_gbe_pcs_pma/U0/core_clocking_i/userclk2                  |
| g3+       | 8     | BUFGCE/O        | None       |           0 |               0 |  0 |      0 |    0 |   0 |  0 |    0 |   0 |       0 | cont_microblaze_inst/mdm_1/U0/No_Dbg_Reg_Access.BUFG_DRCK/Ext_JTAG_DRCK |
+-----------+-------+-----------------+------------+-------------+-----------------+----+--------+------+-----+----+------+-----+---------+-------------------------------------------------------------------------+
* Clock Loads column represents the clock pin loads (pin count)
** Non-Clock Loads column represents the non-clock pin loads (pin count)
*** Columns FF, LUTRAM, RAMB through 'Hard IP' represents load cell counts
**** In Global Id column, sympbol '+' indicates that global clock was used only to route through the clock region.


20. Clock Region Cell Placement per Global Clock: Region X5Y4
-------------------------------------------------------------

+-----------+-------+-----------------+------------+-------------+-----------------+----+--------+------+-----+----+------+-----+---------+--------------------------------------------------------+
| Global Id | Track | Driver Type/Pin | Constraint | Clock Loads | Non-Clock Loads | FF | LUTRAM | RAMB | DSP | GT | MMCM | PLL | Hard IP | Net                                                    |
+-----------+-------+-----------------+------------+-------------+-----------------+----+--------+------+-----+----+------+-----+---------+--------------------------------------------------------+
| g1        | 1     | BUFG_GT/O       | None       |           6 |               0 |  6 |      0 |    0 |   0 |  0 |    0 |   0 |       0 | gpio_pins3_one_gbe_pcs_pma/U0/core_clocking_i/userclk2 |
+-----------+-------+-----------------+------------+-------------+-----------------+----+--------+------+-----+----+------+-----+---------+--------------------------------------------------------+
* Clock Loads column represents the clock pin loads (pin count)
** Non-Clock Loads column represents the non-clock pin loads (pin count)
*** Columns FF, LUTRAM, RAMB through 'Hard IP' represents load cell counts


21. Clock Region Cell Placement per Global Clock: Region X4Y5
-------------------------------------------------------------

+-----------+-------+-----------------+------------+-------------+-----------------+----+--------+------+-----+----+------+-----+---------+-------------------------------------------------------------------------+
| Global Id | Track | Driver Type/Pin | Constraint | Clock Loads | Non-Clock Loads | FF | LUTRAM | RAMB | DSP | GT | MMCM | PLL | Hard IP | Net                                                                     |
+-----------+-------+-----------------+------------+-------------+-----------------+----+--------+------+-----+----+------+-----+---------+-------------------------------------------------------------------------+
| g0+       | 2     | BUFGCE/O        | None       |           0 |               0 |  0 |      0 |    0 |   0 |  0 |    0 |   0 |       0 | snap2_v2_infrastructure_inst/sys_clk0                                   |
| g1+       | 1     | BUFG_GT/O       | None       |           0 |               0 |  0 |      0 |    0 |   0 |  0 |    0 |   0 |       0 | gpio_pins3_one_gbe_pcs_pma/U0/core_clocking_i/userclk2                  |
| g3        | 8     | BUFGCE/O        | None       |           4 |               0 |  0 |      4 |    0 |   0 |  0 |    0 |   0 |       0 | cont_microblaze_inst/mdm_1/U0/No_Dbg_Reg_Access.BUFG_DRCK/Ext_JTAG_DRCK |
+-----------+-------+-----------------+------------+-------------+-----------------+----+--------+------+-----+----+------+-----+---------+-------------------------------------------------------------------------+
* Clock Loads column represents the clock pin loads (pin count)
** Non-Clock Loads column represents the non-clock pin loads (pin count)
*** Columns FF, LUTRAM, RAMB through 'Hard IP' represents load cell counts
**** In Global Id column, sympbol '+' indicates that global clock was used only to route through the clock region.


22. Clock Region Cell Placement per Global Clock: Region X5Y5
-------------------------------------------------------------

+-----------+-------+-----------------+------------+-------------+-----------------+-----+--------+------+-----+----+------+-----+---------+-------------------------------------------------------------------------+
| Global Id | Track | Driver Type/Pin | Constraint | Clock Loads | Non-Clock Loads | FF  | LUTRAM | RAMB | DSP | GT | MMCM | PLL | Hard IP | Net                                                                     |
+-----------+-------+-----------------+------------+-------------+-----------------+-----+--------+------+-----+----+------+-----+---------+-------------------------------------------------------------------------+
| g0        | 2     | BUFGCE/O        | None       |           8 |               0 |   8 |      0 |    0 |   0 |  0 |    0 |   0 |       0 | snap2_v2_infrastructure_inst/sys_clk0                                   |
| g1        | 1     | BUFG_GT/O       | None       |         612 |               0 | 604 |      8 |    0 |   0 |  0 |    0 |   0 |       0 | gpio_pins3_one_gbe_pcs_pma/U0/core_clocking_i/userclk2                  |
| g3        | 8     | BUFGCE/O        | None       |          87 |               0 |  84 |      3 |    0 |   0 |  0 |    0 |   0 |       0 | cont_microblaze_inst/mdm_1/U0/No_Dbg_Reg_Access.BUFG_DRCK/Ext_JTAG_DRCK |
| g4        | 20    | BUFGCE/O        | None       |         193 |               0 | 192 |      0 |    0 |   0 |  1 |    0 |   0 |       0 | snap2_v2_infrastructure_inst/clk_200                                    |
| g5        | 14    | BUFG_GT/O       | None       |         172 |               0 | 170 |      1 |    0 |   0 |  1 |    0 |   0 |       0 | gpio_pins3_one_gbe_pcs_pma/U0/core_clocking_i/rxuserclk2                |
| g2        | 0     | BUFG_GT/O       | None       |          29 |               0 |  28 |      0 |    0 |   0 |  1 |    0 |   0 |       0 | gpio_pins3_one_gbe_pcs_pma/U0/core_clocking_i/userclk                   |
+-----------+-------+-----------------+------------+-------------+-----------------+-----+--------+------+-----+----+------+-----+---------+-------------------------------------------------------------------------+
* Clock Loads column represents the clock pin loads (pin count)
** Non-Clock Loads column represents the non-clock pin loads (pin count)
*** Columns FF, LUTRAM, RAMB through 'Hard IP' represents load cell counts


